flutter : 
At line:1 char:1
+ flutter test 
test/unit/purchase_repository_test.dart > 
test_output.tx ...
+ ~~~~~~~~~~~~~~~~~~~~~~~~~~~~~~~~~~~~~~~~~~~~~~~~~~~
~~~~~~~~~~~~~~~~~~
    + CategoryInfo          : NotSpecified: (:String 
   ) [], RemoteException
    + FullyQualifiedErrorId : NativeCommandError
 
Oops; flutter has exited unexpectedly: "Invalid 
argument(s): Illegal character in path".
A crash report has been written to C:\src\project\lia
qat-kiryana-store-pos\flutter_01.log
This crash may already be reported. Check GitHub for similar crashes.
https://github.com/flutter/flutter/issues?q=is%3Aissue+Invalid+argument%28s%29%3A+Illegal+character+in+path

To report your crash to the Flutter team, first read the guide to filing a bug.
https://flutter.dev/to/report-bugs

Create a new GitHub issue by pasting this link into your browser and completing the issue template. Thank you!
https://github.com/flutter/flutter/issues/new?title=%5Btool_crash%5D+ArgumentError%3A+Invalid+argument%28s%29%3A+Illegal+character+in+path&body=%23%23+Command%0A%60%60%60sh%0Aflutter+test+test%2Funit%2Fpurchase_repository_test.dart+Line%3A%0A%60%60%60%0A%0A%23%23+Steps+to+Reproduce%0A1.+...%0A2.+...%0A3.+...%0A%0A%23%23+Logs%0AArgumentError%3A+Invalid+argument%28s%29%3A+Illegal+character+in+path%0A%60%60%60console%0A%230++++++_Uri._checkWindowsPathReservedCharacters+%28dart%3Acore%2Furi.dart%3A2170%3A11%29%0A%231++++++_Uri._makeWindowsFileUrl+%28dart%3Acore%2Furi.dart%3A2243%3A7%29%0A%232++++++new+_Uri.file+%28dart%3Acore%2Furi.dart%3A2133%3A11%29%0A%233++++++TestCommand._parseTestArgument+%28package%3Aflutter_tools%2Fsrc%2Fcommands%2Ftest.dart%3A758%3A16%29%0A%234++++++MappedListIterable.elementAt+%28dart%3A_internal%2Fiterable.dart%3A442%3A31%29%0A%235++++++ListIterator.moveNext+%28dart%3A_internal%2Fiterable.dart%3A371%3A26%29%0A%236++++++new+_GrowableList._ofEfficientLengthIterable+%28dart%3Acore-patch%2Fgrowable_array.dart%3A194%3A27%29%0A%237++++++new+_GrowableList.of+%28dart%3Acore-patch%2Fgrowable_array.dart%3A154%3A28%29%0A%238++++++new+List.of+%28dart%3Acore-patch%2Farray_patch.dart%3A39%3A18%29%0A%239++++++ListIterable.toList+%28dart%3A_internal%2Fiterable.dart%3A224%3A7%29%0A%2310+++++TestCommand.verifyThenRunCommand+%28package%3Aflutter_tools%2Fsrc%2Fcommands%2Ftest.dart%3A336%3A73%29%0A%2311+++++FlutterCommand.run.%3Canonymous+closure%3E+%28package%3Aflutter_tools%2Fsrc%2Frunner%2Fflutter_command.dart%3A1559%3A33%29%0A%3Casynchronous+suspension%3E%0A%2312+++++AppContext.run.%3Canonymous+closure%3E+%28package%3Aflutter_tools%2Fsrc%2Fbase%2Fcontext.dart%3A154%3A19%29%0A%3Casynchronous+suspension%3E%0A%2313+++++CommandRunner.runCommand+%28package%3Aargs%2Fcommand_runner.dart%3A212%3A13%29%0A%3Casynchronous+suspension%3E%0A%2314+++++FlutterCommandRunner.runCommand.%3Canonymous+closure%3E+%28package%3Aflutter_tools%2Fsrc%2Frunner%2Fflutter_command_runner.dart%3A487%3A9%29%0A%3Casynchronous+suspension%3E%0A%2315+++++AppContext.run.%3Canonymous+closure%3E+%28package%3Aflutter_tools%2Fsrc%2Fbase%2Fcontext.dart%3A154%3A19%29%0A%3Casynchronous+suspension%3E%0A%2316+++++FlutterCommandRunner.runCommand+%28package%3Aflutter_tools%2Fsrc%2Frunner%2Fflutter_command_runner.dart%3A422%3A5%29%0A%3Casynchronous+suspension%3E%0A%2317+++++run.%3Canonymous+closure%3E.%3Canonymous+closure%3E+%28package%3Aflutter_tools%2Frunner.dart%3A104%3A11%29%0A%3Casynchronous+suspension%3E%0A%60%60%60%0A%60%60%60console%0A%5B%E2%9C%93%5D+Flutter+%28Channel+stable%2C+3.38.9%2C+on+Microsoft+Windows+%5BVersion+10.0.26100.7623%5D%2C+locale+en-US%29+%5B340ms%5D%0A++++%E2%80%A2+Flutter+version+3.38.9+on+channel+stable+at+C%3A%5Csrc%5Cflutter%0A++++%E2%80%A2+Upstream+repository+https%3A%2F%2Fgithub.com%2Fflutter%2Fflutter.git%0A++++%E2%80%A2+Framework+revision+67323de285+%2813+days+ago%29%2C+2026-01-28+13%3A43%3A12+-0800%0A++++%E2%80%A2+Engine+revision+587c18f873%0A++++%E2%80%A2+Dart+version+3.10.8%0A++++%E2%80%A2+DevTools+version+2.51.1%0A++++%E2%80%A2+Feature+flags%3A+enable-web%2C+enable-linux-desktop%2C+enable-macos-desktop%2C+enable-windows-desktop%2C+enable-android%2C+enable-ios%2C+cli-animations%2C+enable-native-assets%2C+omit-legacy-version-file%2C+enable-lldb-debugging%0A%0A%5B%E2%9C%93%5D+Windows+Version+%28Windows+11+or+higher%2C+24H2%2C+2009%29+%5B930ms%5D%0A%0A%5B%E2%9C%93%5D+Android+toolchain+-+develop+for+Android+devices+%28Android+SDK+version+36.1.0%29+%5B17.3s%5D%0A++++%E2%80%A2+Android+SDK+at+C%3A%5CUsers%5Cuser%5CAppData%5CLocal%5CAndroid%5Csdk%0A++++%E2%80%A2+Emulator+version+36.3.10.0+%28build_id+14472402%29+%28CL%3AN%2FA%29%0A++++%E2%80%A2+Platform+android-36%2C+build-tools+36.1.0%0A++++%E2%80%A2+Java+binary+at%3A+C%3A%5CProgram+Files%5CAndroid%5CAndroid+Studio%5Cjbr%5Cbin%5Cjava%0A++++++This+is+the+JDK+bundled+with+the+latest+Android+Studio+installation+on+this+machine.%0A++++++To+manually+set+the+JDK+path%2C+use%3A+%60flutter+config+--jdk-dir%3D%22path%2Fto%2Fjdk%22%60.%0A++++%E2%80%A2+Java+version+OpenJDK+Runtime+Environment+%28build+21.0.8%2B-14196175-b1038.72%29%0D%0A++++%E2%80%A2+All+Android+licenses+accepted.%0A%0A%5B%E2%9C%93%5D+Chrome+-+develop+for+the+web+%5B97ms%5D%0A++++%E2%80%A2+Chrome+at+C%3A%5CProgram+Files+%28x86%29%5CGoogle%5CChrome%5CApplication%5Cchrome.exe%0A%0A%5B%E2%9C%93%5D+Visual+Studio+-+develop+Windows+apps+%28Visual+Studio+Community+2026+18.2.1%29+%5B95ms%5D%0A++++%E2%80%A2+Visual+Studio+at+C%3A%5CProgram+Files%5CMicrosoft+Visual+Studio%5C18%5CCommunity%0A++++%E2%80%A2+Visual+Studio+Community+2026+version+18.2.11415.280%0A++++%E2%80%A2+Windows+10+SDK+version+10.0.26100.0%0A%0A%5B%E2%9C%93%5D+Connected+device+%283+available%29+%5B215ms%5D%0A++++%E2%80%A2+Windows+%28desktop%29+%E2%80%A2+windows+%E2%80%A2+windows-x64++++%E2%80%A2+Microsoft+Windows+%5BVersion+10.0.26100.7623%5D%0A++++%E2%80%A2+Chrome+%28web%29++++++%E2%80%A2+chrome++%E2%80%A2+web-javascript+%E2%80%A2+Google+Chrome+144.0.7559.133%0A++++%E2%80%A2+Edge+%28web%29++++++++%E2%80%A2+edge++++%E2%80%A2+web-javascript+%E2%80%A2+Microsoft+Edge+144.0.3719.115%0A%0A%5B%E2%9C%93%5D+Network+resources+%5B784ms%5D%0A++++%E2%80%A2+All+expected+network+resources+are+available.%0A%0A%E2%80%A2+No+issues+found%21%0A%0A%60%60%60%0A%0A%23%23+Flutter+Application+Metadata%0A%2A%2AType%2A%2A%3A+app%0A%2A%2AVersion%2A%2A%3A+1.0.0%2B1%0A%2A%2AMaterial%2A%2A%3A+true%0A%2A%2AAndroid+X%2A%2A%3A+false%0A%2A%2AModule%2A%2A%3A+false%0A%2A%2APlugin%2A%2A%3A+false%0A%2A%2AAndroid+package%2A%2A%3A+null%0A%2A%2AiOS+bundle+identifier%2A%2A%3A+null%0A%2A%2ACreation+channel%2A%2A%3A+stable%0A%2A%2ACreation+framework+version%2A%2A%3A+19074d12f7eaf6a8180cd4036a430c1d76de904e%0A%23%23%23+Plugins%0Afile_picker-5.5.0%0Aimage_picker_ios-0.8.13%2B3%0Aopen_file_ios-1.0.4%0Apath_provider_foundation-2.6.0%0Aprinting-5.14.2%0Ashared_preferences_foundation-2.5.6%0Asqflite_darwin-2.4.2%0Aurl_launcher_ios-6.3.6%0Aflutter_plugin_android_lifecycle-2.0.33%0Aimage_picker_android-0.8.13%2B12%0Aopen_file_android-1.0.6%0Apath_provider_android-2.2.22%0Ashared_preferences_android-2.4.18%0Asqflite_android-2.4.2%2B2%0Aurl_launcher_android-6.3.28%0Afile_selector_macos-0.9.5%0Aimage_picker_macos-0.2.2%2B1%0Aopen_file_mac-1.0.4%0Ascreen_retriever-0.1.9%0Aurl_launcher_macos-3.2.5%0Awindow_manager-0.3.9%0Afile_selector_linux-0.9.4%0Aimage_picker_linux-0.2.2%0Aopen_file_linux-0.0.5%0Apath_provider_linux-2.2.1%0Ashared_preferences_linux-2.4.1%0Aurl_launcher_linux-3.2.2%0Afile_selector_windows-0.9.3%2B5%0Aimage_picker_windows-0.2.2%0Aopen_file_windows-0.0.3%0Apath_provider_windows-2.3.0%0Ashared_preferences_windows-2.4.1%0Aurl_launcher_windows-3.1.5%0Aimage_picker_for_web-3.1.1%0Aopen_file_web-0.0.4%0Ashared_preferences_web-2.4.3%0Aurl_launcher_web-2.4.2%0A%0A&labels=tool%2Csevere%3A+crash

